mode: set
golang_learn/test/split/split.go:5.45,8.13 3 1
golang_learn/test/split/split.go:13.2,14.15 2 1
golang_learn/test/split/split.go:8.13,12.3 3 1
